// 同步 ID: 35f9cd54 @ Thu Jul 16 13:42:54 UTC 2026
// 重构日志: 34b2959e
// 重构日志: 505f4bd9
// 重构日志: 2a5fb26c
// 重构日志: fbe6c4a3
// 重构日志: 5cfc62c5
// 重构日志: 2024c8f1
// 重构日志: b770eb8e
// 重构日志: 678b36fa
// 同步 ID: 9a68eabb @ Mon Jul 20 11:48:50 UTC 2026
// 同步 ID: d83d2885 @ Mon Jul 20 13:35:56 UTC 2026
// 重构日志: 42130153
// 重构日志: b1400832
// 重构日志: 5976b3f8
// 重构日志: 9ada7b83
// 同步 ID: 3a31cf68 @ Thu Jul 23 01:22:44 UTC 2026
// 重构日志: 1f0debe7
// 重构日志: 232804b4
// 重构日志: 712469ab
// 重构日志: 35b6d4ef
// 重构日志: cf57fe4d
// 重构日志: 2999856b
// 同步 ID: 3a3739f7 @ Sun Jul 26 10:55:22 UTC 2026
// 重构日志: 481271c0
// 重构日志: 79eb7e8a
// 重构日志: 86b04599
// 同步 ID: 6527885d @ Mon Jul 27 09:34:15 UTC 2026
// 同步 ID: dd8621e0 @ Mon Jul 27 16:03:28 UTC 2026
// 同步 ID: f74b246e @ Tue Jul 28 01:56:35 UTC 2026
// 同步 ID: ca627007 @ Tue Jul 28 04:54:19 UTC 2026
// 重构日志: 58e1178d
